Archive member included to satisfy reference by file (symbol)

./libopencm3/lib/libopencm3_stm32f1.a(gpio.o)
                              /tmp/cc6sIhbs.o (gpio_set_mode)
./libopencm3/lib/libopencm3_stm32f1.a(gpio_common_all.o)
                              /tmp/cc6sIhbs.o (gpio_set)
./libopencm3/lib/libopencm3_stm32f1.a(rcc_common_all.o)
                              /tmp/cc6sIhbs.o (rcc_periph_clock_enable)
./libopencm3/lib/libopencm3_stm32f1.a(vector.o)
                              (reset_handler)

Discarded input sections

 .group         0x0000000000000000        0xc /tmp/cc6sIhbs.o
 .group         0x0000000000000000        0xc /tmp/cc6sIhbs.o
 .group         0x0000000000000000        0xc /tmp/cc6sIhbs.o
 .group         0x0000000000000000        0xc /tmp/cc6sIhbs.o
 .group         0x0000000000000000        0xc /tmp/cc6sIhbs.o
 .group         0x0000000000000000        0xc /tmp/cc6sIhbs.o
 .group         0x0000000000000000        0xc /tmp/cc6sIhbs.o
 .group         0x0000000000000000        0xc /tmp/cc6sIhbs.o
 .group         0x0000000000000000        0xc /tmp/cc6sIhbs.o
 .group         0x0000000000000000        0xc /tmp/cc6sIhbs.o
 .group         0x0000000000000000        0xc /tmp/cc6sIhbs.o
 .group         0x0000000000000000        0xc /tmp/cc6sIhbs.o
 .group         0x0000000000000000        0xc /tmp/cc6sIhbs.o
 .group         0x0000000000000000        0xc /tmp/cc6sIhbs.o
 .group         0x0000000000000000        0xc /tmp/cc6sIhbs.o
 .group         0x0000000000000000        0xc ./libopencm3/lib/libopencm3_stm32f1.a(gpio.o)
 .group         0x0000000000000000        0xc ./libopencm3/lib/libopencm3_stm32f1.a(gpio.o)
 .group         0x0000000000000000        0xc ./libopencm3/lib/libopencm3_stm32f1.a(gpio.o)
 .group         0x0000000000000000        0xc ./libopencm3/lib/libopencm3_stm32f1.a(gpio.o)
 .group         0x0000000000000000        0xc ./libopencm3/lib/libopencm3_stm32f1.a(gpio.o)
 .group         0x0000000000000000        0xc ./libopencm3/lib/libopencm3_stm32f1.a(gpio.o)
 .group         0x0000000000000000        0xc ./libopencm3/lib/libopencm3_stm32f1.a(gpio.o)
 .group         0x0000000000000000        0xc ./libopencm3/lib/libopencm3_stm32f1.a(gpio.o)
 .group         0x0000000000000000        0xc ./libopencm3/lib/libopencm3_stm32f1.a(gpio.o)
 .group         0x0000000000000000        0xc ./libopencm3/lib/libopencm3_stm32f1.a(gpio.o)
 .group         0x0000000000000000        0xc ./libopencm3/lib/libopencm3_stm32f1.a(gpio.o)
 .group         0x0000000000000000        0xc ./libopencm3/lib/libopencm3_stm32f1.a(gpio.o)
 .group         0x0000000000000000        0xc ./libopencm3/lib/libopencm3_stm32f1.a(gpio.o)
 .group         0x0000000000000000        0xc ./libopencm3/lib/libopencm3_stm32f1.a(gpio.o)
 .debug_macro   0x0000000000000000       0x1c ./libopencm3/lib/libopencm3_stm32f1.a(gpio.o)
 .debug_macro   0x0000000000000000       0x22 ./libopencm3/lib/libopencm3_stm32f1.a(gpio.o)
 .debug_macro   0x0000000000000000       0x51 ./libopencm3/lib/libopencm3_stm32f1.a(gpio.o)
 .debug_macro   0x0000000000000000      0x103 ./libopencm3/lib/libopencm3_stm32f1.a(gpio.o)
 .debug_macro   0x0000000000000000       0x6a ./libopencm3/lib/libopencm3_stm32f1.a(gpio.o)
 .debug_macro   0x0000000000000000      0x1df ./libopencm3/lib/libopencm3_stm32f1.a(gpio.o)
 .debug_macro   0x0000000000000000       0x22 ./libopencm3/lib/libopencm3_stm32f1.a(gpio.o)
 .debug_macro   0x0000000000000000       0xe8 ./libopencm3/lib/libopencm3_stm32f1.a(gpio.o)
 .debug_macro   0x0000000000000000       0x76 ./libopencm3/lib/libopencm3_stm32f1.a(gpio.o)
 .debug_macro   0x0000000000000000      0x1b4 ./libopencm3/lib/libopencm3_stm32f1.a(gpio.o)
 .debug_macro   0x0000000000000000       0x76 ./libopencm3/lib/libopencm3_stm32f1.a(gpio.o)
 .debug_macro   0x0000000000000000      0xe04 ./libopencm3/lib/libopencm3_stm32f1.a(gpio.o)
 .group         0x0000000000000000        0xc ./libopencm3/lib/libopencm3_stm32f1.a(gpio_common_all.o)
 .group         0x0000000000000000        0xc ./libopencm3/lib/libopencm3_stm32f1.a(gpio_common_all.o)
 .group         0x0000000000000000        0xc ./libopencm3/lib/libopencm3_stm32f1.a(gpio_common_all.o)
 .group         0x0000000000000000        0xc ./libopencm3/lib/libopencm3_stm32f1.a(gpio_common_all.o)
 .group         0x0000000000000000        0xc ./libopencm3/lib/libopencm3_stm32f1.a(gpio_common_all.o)
 .group         0x0000000000000000        0xc ./libopencm3/lib/libopencm3_stm32f1.a(gpio_common_all.o)
 .group         0x0000000000000000        0xc ./libopencm3/lib/libopencm3_stm32f1.a(gpio_common_all.o)
 .group         0x0000000000000000        0xc ./libopencm3/lib/libopencm3_stm32f1.a(gpio_common_all.o)
 .group         0x0000000000000000        0xc ./libopencm3/lib/libopencm3_stm32f1.a(gpio_common_all.o)
 .group         0x0000000000000000        0xc ./libopencm3/lib/libopencm3_stm32f1.a(gpio_common_all.o)
 .group         0x0000000000000000        0xc ./libopencm3/lib/libopencm3_stm32f1.a(gpio_common_all.o)
 .group         0x0000000000000000        0xc ./libopencm3/lib/libopencm3_stm32f1.a(gpio_common_all.o)
 .group         0x0000000000000000        0xc ./libopencm3/lib/libopencm3_stm32f1.a(gpio_common_all.o)
 .group         0x0000000000000000        0xc ./libopencm3/lib/libopencm3_stm32f1.a(gpio_common_all.o)
 .debug_macro   0x0000000000000000      0xa60 ./libopencm3/lib/libopencm3_stm32f1.a(gpio_common_all.o)
 .debug_macro   0x0000000000000000       0x1c ./libopencm3/lib/libopencm3_stm32f1.a(gpio_common_all.o)
 .debug_macro   0x0000000000000000       0x22 ./libopencm3/lib/libopencm3_stm32f1.a(gpio_common_all.o)
 .debug_macro   0x0000000000000000       0x56 ./libopencm3/lib/libopencm3_stm32f1.a(gpio_common_all.o)
 .debug_macro   0x0000000000000000       0x51 ./libopencm3/lib/libopencm3_stm32f1.a(gpio_common_all.o)
 .debug_macro   0x0000000000000000      0x103 ./libopencm3/lib/libopencm3_stm32f1.a(gpio_common_all.o)
 .debug_macro   0x0000000000000000       0x6a ./libopencm3/lib/libopencm3_stm32f1.a(gpio_common_all.o)
 .debug_macro   0x0000000000000000      0x1df ./libopencm3/lib/libopencm3_stm32f1.a(gpio_common_all.o)
 .debug_macro   0x0000000000000000       0x22 ./libopencm3/lib/libopencm3_stm32f1.a(gpio_common_all.o)
 .debug_macro   0x0000000000000000       0xe8 ./libopencm3/lib/libopencm3_stm32f1.a(gpio_common_all.o)
 .debug_macro   0x0000000000000000       0x76 ./libopencm3/lib/libopencm3_stm32f1.a(gpio_common_all.o)
 .debug_macro   0x0000000000000000      0x1b4 ./libopencm3/lib/libopencm3_stm32f1.a(gpio_common_all.o)
 .debug_macro   0x0000000000000000       0x76 ./libopencm3/lib/libopencm3_stm32f1.a(gpio_common_all.o)
 .debug_macro   0x0000000000000000      0xe04 ./libopencm3/lib/libopencm3_stm32f1.a(gpio_common_all.o)
 .group         0x0000000000000000        0xc ./libopencm3/lib/libopencm3_stm32f1.a(rcc_common_all.o)
 .group         0x0000000000000000        0xc ./libopencm3/lib/libopencm3_stm32f1.a(rcc_common_all.o)
 .group         0x0000000000000000        0xc ./libopencm3/lib/libopencm3_stm32f1.a(rcc_common_all.o)
 .group         0x0000000000000000        0xc ./libopencm3/lib/libopencm3_stm32f1.a(rcc_common_all.o)
 .group         0x0000000000000000        0xc ./libopencm3/lib/libopencm3_stm32f1.a(rcc_common_all.o)
 .group         0x0000000000000000        0xc ./libopencm3/lib/libopencm3_stm32f1.a(rcc_common_all.o)
 .group         0x0000000000000000        0xc ./libopencm3/lib/libopencm3_stm32f1.a(rcc_common_all.o)
 .group         0x0000000000000000        0xc ./libopencm3/lib/libopencm3_stm32f1.a(rcc_common_all.o)
 .group         0x0000000000000000        0xc ./libopencm3/lib/libopencm3_stm32f1.a(rcc_common_all.o)
 .group         0x0000000000000000        0xc ./libopencm3/lib/libopencm3_stm32f1.a(rcc_common_all.o)
 .group         0x0000000000000000        0xc ./libopencm3/lib/libopencm3_stm32f1.a(rcc_common_all.o)
 .group         0x0000000000000000        0xc ./libopencm3/lib/libopencm3_stm32f1.a(rcc_common_all.o)
 .group         0x0000000000000000        0xc ./libopencm3/lib/libopencm3_stm32f1.a(rcc_common_all.o)
 .debug_macro   0x0000000000000000      0xa60 ./libopencm3/lib/libopencm3_stm32f1.a(rcc_common_all.o)
 .debug_macro   0x0000000000000000       0x1c ./libopencm3/lib/libopencm3_stm32f1.a(rcc_common_all.o)
 .debug_macro   0x0000000000000000       0x22 ./libopencm3/lib/libopencm3_stm32f1.a(rcc_common_all.o)
 .debug_macro   0x0000000000000000       0x56 ./libopencm3/lib/libopencm3_stm32f1.a(rcc_common_all.o)
 .debug_macro   0x0000000000000000       0x51 ./libopencm3/lib/libopencm3_stm32f1.a(rcc_common_all.o)
 .debug_macro   0x0000000000000000      0x103 ./libopencm3/lib/libopencm3_stm32f1.a(rcc_common_all.o)
 .debug_macro   0x0000000000000000       0x6a ./libopencm3/lib/libopencm3_stm32f1.a(rcc_common_all.o)
 .debug_macro   0x0000000000000000      0x1df ./libopencm3/lib/libopencm3_stm32f1.a(rcc_common_all.o)
 .debug_macro   0x0000000000000000       0x22 ./libopencm3/lib/libopencm3_stm32f1.a(rcc_common_all.o)
 .debug_macro   0x0000000000000000       0xe8 ./libopencm3/lib/libopencm3_stm32f1.a(rcc_common_all.o)
 .debug_macro   0x0000000000000000       0x76 ./libopencm3/lib/libopencm3_stm32f1.a(rcc_common_all.o)
 .debug_macro   0x0000000000000000      0x1b4 ./libopencm3/lib/libopencm3_stm32f1.a(rcc_common_all.o)
 .debug_macro   0x0000000000000000      0x82c ./libopencm3/lib/libopencm3_stm32f1.a(rcc_common_all.o)
 .group         0x0000000000000000        0xc ./libopencm3/lib/libopencm3_stm32f1.a(vector.o)
 .group         0x0000000000000000        0xc ./libopencm3/lib/libopencm3_stm32f1.a(vector.o)
 .group         0x0000000000000000        0xc ./libopencm3/lib/libopencm3_stm32f1.a(vector.o)
 .group         0x0000000000000000        0xc ./libopencm3/lib/libopencm3_stm32f1.a(vector.o)
 .group         0x0000000000000000        0xc ./libopencm3/lib/libopencm3_stm32f1.a(vector.o)
 .group         0x0000000000000000        0xc ./libopencm3/lib/libopencm3_stm32f1.a(vector.o)
 .group         0x0000000000000000        0xc ./libopencm3/lib/libopencm3_stm32f1.a(vector.o)
 .group         0x0000000000000000        0xc ./libopencm3/lib/libopencm3_stm32f1.a(vector.o)
 .group         0x0000000000000000        0xc ./libopencm3/lib/libopencm3_stm32f1.a(vector.o)
 .group         0x0000000000000000        0xc ./libopencm3/lib/libopencm3_stm32f1.a(vector.o)
 .group         0x0000000000000000        0xc ./libopencm3/lib/libopencm3_stm32f1.a(vector.o)
 .group         0x0000000000000000        0xc ./libopencm3/lib/libopencm3_stm32f1.a(vector.o)
 .group         0x0000000000000000        0xc ./libopencm3/lib/libopencm3_stm32f1.a(vector.o)
 .group         0x0000000000000000        0xc ./libopencm3/lib/libopencm3_stm32f1.a(vector.o)
 .debug_macro   0x0000000000000000      0xa60 ./libopencm3/lib/libopencm3_stm32f1.a(vector.o)
 .debug_macro   0x0000000000000000       0x76 ./libopencm3/lib/libopencm3_stm32f1.a(vector.o)
 .debug_macro   0x0000000000000000       0x1c ./libopencm3/lib/libopencm3_stm32f1.a(vector.o)
 .debug_macro   0x0000000000000000       0x22 ./libopencm3/lib/libopencm3_stm32f1.a(vector.o)
 .debug_macro   0x0000000000000000       0x56 ./libopencm3/lib/libopencm3_stm32f1.a(vector.o)
 .debug_macro   0x0000000000000000       0x51 ./libopencm3/lib/libopencm3_stm32f1.a(vector.o)
 .debug_macro   0x0000000000000000      0x103 ./libopencm3/lib/libopencm3_stm32f1.a(vector.o)
 .debug_macro   0x0000000000000000       0x6a ./libopencm3/lib/libopencm3_stm32f1.a(vector.o)
 .debug_macro   0x0000000000000000      0x1df ./libopencm3/lib/libopencm3_stm32f1.a(vector.o)
 .debug_macro   0x0000000000000000       0x22 ./libopencm3/lib/libopencm3_stm32f1.a(vector.o)
 .debug_macro   0x0000000000000000       0xe8 ./libopencm3/lib/libopencm3_stm32f1.a(vector.o)

Memory Configuration

Name             Origin             Length             Attributes
rom              0x0000000008000000 0x0000000000010000 xr
ram              0x0000000020000000 0x0000000000005000 xrw
*default*        0x0000000000000000 0xffffffffffffffff

Linker script and memory map

START GROUP
LOAD /opt/gcc-arm/bin/../lib/gcc/arm-none-eabi/10.2.1/../../../../arm-none-eabi/lib/thumb/v7-m/nofp/libc.a
LOAD /opt/gcc-arm/bin/../lib/gcc/arm-none-eabi/10.2.1/thumb/v7-m/nofp/libgcc.a
LOAD /opt/gcc-arm/bin/../lib/gcc/arm-none-eabi/10.2.1/../../../../arm-none-eabi/lib/thumb/v7-m/nofp/libnosys.a
END GROUP
LOAD /tmp/cc6sIhbs.o
LOAD ./libopencm3/lib/libopencm3_stm32f1.a
START GROUP
LOAD /opt/gcc-arm/bin/../lib/gcc/arm-none-eabi/10.2.1/thumb/v7-m/nofp/libgcc.a
LOAD /opt/gcc-arm/bin/../lib/gcc/arm-none-eabi/10.2.1/../../../../arm-none-eabi/lib/thumb/v7-m/nofp/libg.a
LOAD /opt/gcc-arm/bin/../lib/gcc/arm-none-eabi/10.2.1/../../../../arm-none-eabi/lib/thumb/v7-m/nofp/libc.a
END GROUP

.text           0x0000000008000000      0x3f4
 *(.vectors)
 .vectors       0x0000000008000000      0x150 ./libopencm3/lib/libopencm3_stm32f1.a(vector.o)
                0x0000000008000000                vector_table
 *(.text*)
 .text          0x0000000008000150        0x0 /tmp/cc6sIhbs.o
 .text.startup.main
                0x0000000008000150       0x4c /tmp/cc6sIhbs.o
                0x0000000008000150                main
 .text          0x000000000800019c        0x0 ./libopencm3/lib/libopencm3_stm32f1.a(gpio.o)
 .text.gpio_set_mode
                0x000000000800019c       0x5e ./libopencm3/lib/libopencm3_stm32f1.a(gpio.o)
                0x000000000800019c                gpio_set_mode
 *fill*         0x00000000080001fa        0x2 
 .text.gpio_set_eventout
                0x00000000080001fc       0x10 ./libopencm3/lib/libopencm3_stm32f1.a(gpio.o)
                0x00000000080001fc                gpio_set_eventout
 .text.gpio_primary_remap
                0x000000000800020c       0x14 ./libopencm3/lib/libopencm3_stm32f1.a(gpio.o)
                0x000000000800020c                gpio_primary_remap
 .text.gpio_secondary_remap
                0x0000000008000220       0x10 ./libopencm3/lib/libopencm3_stm32f1.a(gpio.o)
                0x0000000008000220                gpio_secondary_remap
 .text          0x0000000008000230        0x0 ./libopencm3/lib/libopencm3_stm32f1.a(gpio_common_all.o)
 .text.gpio_set
                0x0000000008000230        0x4 ./libopencm3/lib/libopencm3_stm32f1.a(gpio_common_all.o)
                0x0000000008000230                gpio_set
 .text.gpio_clear
                0x0000000008000234        0x6 ./libopencm3/lib/libopencm3_stm32f1.a(gpio_common_all.o)
                0x0000000008000234                gpio_clear
 .text.gpio_get
                0x000000000800023a        0x6 ./libopencm3/lib/libopencm3_stm32f1.a(gpio_common_all.o)
                0x000000000800023a                gpio_get
 .text.gpio_toggle
                0x0000000008000240       0x12 ./libopencm3/lib/libopencm3_stm32f1.a(gpio_common_all.o)
                0x0000000008000240                gpio_toggle
 .text.gpio_port_read
                0x0000000008000252        0x6 ./libopencm3/lib/libopencm3_stm32f1.a(gpio_common_all.o)
                0x0000000008000252                gpio_port_read
 .text.gpio_port_write
                0x0000000008000258        0x4 ./libopencm3/lib/libopencm3_stm32f1.a(gpio_common_all.o)
                0x0000000008000258                gpio_port_write
 .text.gpio_port_config_lock
                0x000000000800025c       0x10 ./libopencm3/lib/libopencm3_stm32f1.a(gpio_common_all.o)
                0x000000000800025c                gpio_port_config_lock
 .text          0x000000000800026c        0x0 ./libopencm3/lib/libopencm3_stm32f1.a(rcc_common_all.o)
 .text.rcc_peripheral_enable_clock
                0x000000000800026c        0x8 ./libopencm3/lib/libopencm3_stm32f1.a(rcc_common_all.o)
                0x000000000800026c                rcc_peripheral_enable_clock
 .text.rcc_peripheral_disable_clock
                0x0000000008000274        0xa ./libopencm3/lib/libopencm3_stm32f1.a(rcc_common_all.o)
                0x0000000008000274                rcc_peripheral_disable_clock
 .text.rcc_peripheral_reset
                0x000000000800027e        0x8 ./libopencm3/lib/libopencm3_stm32f1.a(rcc_common_all.o)
                0x000000000800027e                rcc_peripheral_reset
 .text.rcc_peripheral_clear_reset
                0x0000000008000286        0xa ./libopencm3/lib/libopencm3_stm32f1.a(rcc_common_all.o)
                0x0000000008000286                rcc_peripheral_clear_reset
 .text.rcc_periph_clock_enable
                0x0000000008000290       0x1c ./libopencm3/lib/libopencm3_stm32f1.a(rcc_common_all.o)
                0x0000000008000290                rcc_periph_clock_enable
 .text.rcc_periph_clock_disable
                0x00000000080002ac       0x1e ./libopencm3/lib/libopencm3_stm32f1.a(rcc_common_all.o)
                0x00000000080002ac                rcc_periph_clock_disable
 .text.rcc_periph_reset_pulse
                0x00000000080002ca       0x24 ./libopencm3/lib/libopencm3_stm32f1.a(rcc_common_all.o)
                0x00000000080002ca                rcc_periph_reset_pulse
 .text.rcc_periph_reset_hold
                0x00000000080002ee        0x4 ./libopencm3/lib/libopencm3_stm32f1.a(rcc_common_all.o)
                0x00000000080002ee                rcc_periph_reset_hold
 .text.rcc_periph_reset_release
                0x00000000080002f2        0x4 ./libopencm3/lib/libopencm3_stm32f1.a(rcc_common_all.o)
                0x00000000080002f2                rcc_periph_reset_release
 *fill*         0x00000000080002f6        0x2 
 .text.rcc_set_mco
                0x00000000080002f8       0x14 ./libopencm3/lib/libopencm3_stm32f1.a(rcc_common_all.o)
                0x00000000080002f8                rcc_set_mco
 .text.rcc_osc_bypass_enable
                0x000000000800030c       0x28 ./libopencm3/lib/libopencm3_stm32f1.a(rcc_common_all.o)
                0x000000000800030c                rcc_osc_bypass_enable
 .text.rcc_osc_bypass_disable
                0x0000000008000334       0x28 ./libopencm3/lib/libopencm3_stm32f1.a(rcc_common_all.o)
                0x0000000008000334                rcc_osc_bypass_disable
 .text          0x000000000800035c        0x0 ./libopencm3/lib/libopencm3_stm32f1.a(vector.o)
 .text.blocking_handler
                0x000000000800035c        0x2 ./libopencm3/lib/libopencm3_stm32f1.a(vector.o)
                0x000000000800035c                usart3_isr
                0x000000000800035c                rtc_isr
                0x000000000800035c                tim7_isr
                0x000000000800035c                adc1_2_isr
                0x000000000800035c                tim1_trg_com_isr
                0x000000000800035c                usb_hp_can_tx_isr
                0x000000000800035c                tim6_isr
                0x000000000800035c                usb_wakeup_isr
                0x000000000800035c                blocking_handler
                0x000000000800035c                tim5_isr
                0x000000000800035c                otg_fs_isr
                0x000000000800035c                spi1_isr
                0x000000000800035c                exti2_isr
                0x000000000800035c                dma1_channel6_isr
                0x000000000800035c                can_rx1_isr
                0x000000000800035c                dma1_channel5_isr
                0x000000000800035c                dma2_channel5_isr
                0x000000000800035c                usart1_isr
                0x000000000800035c                usage_fault_handler
                0x000000000800035c                tim8_trg_com_isr
                0x000000000800035c                can2_rx0_isr
                0x000000000800035c                tim1_brk_isr
                0x000000000800035c                can2_rx1_isr
                0x000000000800035c                tim1_cc_isr
                0x000000000800035c                sdio_isr
                0x000000000800035c                eth_isr
                0x000000000800035c                dma1_channel4_isr
                0x000000000800035c                tim8_brk_isr
                0x000000000800035c                dma2_channel4_5_isr
                0x000000000800035c                pvd_isr
                0x000000000800035c                rcc_isr
                0x000000000800035c                flash_isr
                0x000000000800035c                uart4_isr
                0x000000000800035c                rtc_alarm_isr
                0x000000000800035c                exti15_10_isr
                0x000000000800035c                hard_fault_handler
                0x000000000800035c                exti1_isr
                0x000000000800035c                i2c1_ev_isr
                0x000000000800035c                dma2_channel1_isr
                0x000000000800035c                spi2_isr
                0x000000000800035c                tim8_up_isr
                0x000000000800035c                dma2_channel2_isr
                0x000000000800035c                exti3_isr
                0x000000000800035c                adc3_isr
                0x000000000800035c                tim3_isr
                0x000000000800035c                usart2_isr
                0x000000000800035c                usb_lp_can_rx0_isr
                0x000000000800035c                i2c2_er_isr
                0x000000000800035c                i2c2_ev_isr
                0x000000000800035c                uart5_isr
                0x000000000800035c                fsmc_isr
                0x000000000800035c                dma1_channel1_isr
                0x000000000800035c                exti4_isr
                0x000000000800035c                mem_manage_handler
                0x000000000800035c                can2_tx_isr
                0x000000000800035c                exti9_5_isr
                0x000000000800035c                dma2_channel3_isr
                0x000000000800035c                dma1_channel7_isr
                0x000000000800035c                tim1_up_isr
                0x000000000800035c                can2_sce_isr
                0x000000000800035c                tim4_isr
                0x000000000800035c                dma1_channel2_isr
                0x000000000800035c                i2c1_er_isr
                0x000000000800035c                can_sce_isr
                0x000000000800035c                tim8_cc_isr
                0x000000000800035c                tamper_isr
                0x000000000800035c                eth_wkup_isr
                0x000000000800035c                bus_fault_handler
                0x000000000800035c                wwdg_isr
                0x000000000800035c                dma1_channel3_isr
                0x000000000800035c                spi3_isr
                0x000000000800035c                tim2_isr
                0x000000000800035c                exti0_isr
 .text.null_handler
                0x000000000800035e        0x2 ./libopencm3/lib/libopencm3_stm32f1.a(vector.o)
                0x000000000800035e                null_handler
                0x000000000800035e                sv_call_handler
                0x000000000800035e                pend_sv_handler
                0x000000000800035e                debug_monitor_handler
                0x000000000800035e                sys_tick_handler
                0x000000000800035e                nmi_handler
 .text.reset_handler
                0x0000000008000360       0x94 ./libopencm3/lib/libopencm3_stm32f1.a(vector.o)
                0x0000000008000360                reset_handler
                0x00000000080003f4                . = ALIGN (0x4)
 *(.rodata*)
                0x00000000080003f4                . = ALIGN (0x4)

.glue_7         0x00000000080003f4        0x0
 .glue_7        0x00000000080003f4        0x0 linker stubs

.glue_7t        0x00000000080003f4        0x0
 .glue_7t       0x00000000080003f4        0x0 linker stubs

.vfp11_veneer   0x00000000080003f4        0x0
 .vfp11_veneer  0x00000000080003f4        0x0 linker stubs

.v4_bx          0x00000000080003f4        0x0
 .v4_bx         0x00000000080003f4        0x0 linker stubs

.iplt           0x00000000080003f4        0x0
 .iplt          0x00000000080003f4        0x0 /tmp/cc6sIhbs.o

.rel.dyn        0x00000000080003f4        0x0
 .rel.iplt      0x00000000080003f4        0x0 /tmp/cc6sIhbs.o

.preinit_array  0x00000000080003f4        0x0
                0x00000000080003f4                . = ALIGN (0x4)
                0x00000000080003f4                __preinit_array_start = .
 *(.preinit_array)
                0x00000000080003f4                __preinit_array_end = .

.init_array     0x00000000080003f4        0x0
                0x00000000080003f4                . = ALIGN (0x4)
                0x00000000080003f4                __init_array_start = .
 *(SORT_BY_NAME(.init_array.*))
 *(.init_array)
                0x00000000080003f4                __init_array_end = .

.fini_array     0x00000000080003f4        0x0
                0x00000000080003f4                . = ALIGN (0x4)
                0x00000000080003f4                __fini_array_start = .
 *(.fini_array)
 *(SORT_BY_NAME(.fini_array.*))
                0x00000000080003f4                __fini_array_end = .

.ARM.extab
 *(.ARM.extab*)

.ARM.exidx      0x00000000080003f4        0x0
                0x00000000080003f4                __exidx_start = .
 *(.ARM.exidx*)
                0x00000000080003f4                __exidx_end = .
                0x00000000080003f4                . = ALIGN (0x4)
                0x00000000080003f4                _etext = .

.noinit
 *(.noinit)
                0x00000000080003f4                . = ALIGN (0x4)

.data           0x0000000020000000        0x0 load address 0x00000000080003f4
                0x0000000020000000                _data = .
 *(.data*)
 .data          0x0000000020000000        0x0 /tmp/cc6sIhbs.o
 .data          0x0000000020000000        0x0 ./libopencm3/lib/libopencm3_stm32f1.a(gpio.o)
 .data          0x0000000020000000        0x0 ./libopencm3/lib/libopencm3_stm32f1.a(gpio_common_all.o)
 .data          0x0000000020000000        0x0 ./libopencm3/lib/libopencm3_stm32f1.a(rcc_common_all.o)
 .data          0x0000000020000000        0x0 ./libopencm3/lib/libopencm3_stm32f1.a(vector.o)
                0x0000000020000000                . = ALIGN (0x4)
 *(.ramfunctions)
                0x0000000020000000                _edata = .
                0x00000000080003f4                _data_loadaddr = LOADADDR (.data)

.igot.plt       0x0000000020000000        0x0 load address 0x00000000080003f4
 .igot.plt      0x0000000020000000        0x0 /tmp/cc6sIhbs.o

.bss            0x0000000020000000        0x0 load address 0x00000000080003f4
 *(.bss*)
 .bss           0x0000000020000000        0x0 /tmp/cc6sIhbs.o
 .bss           0x0000000020000000        0x0 ./libopencm3/lib/libopencm3_stm32f1.a(gpio.o)
 .bss           0x0000000020000000        0x0 ./libopencm3/lib/libopencm3_stm32f1.a(gpio_common_all.o)
 .bss           0x0000000020000000        0x0 ./libopencm3/lib/libopencm3_stm32f1.a(rcc_common_all.o)
 .bss           0x0000000020000000        0x0 ./libopencm3/lib/libopencm3_stm32f1.a(vector.o)
 *(COMMON)
                0x0000000020000000                . = ALIGN (0x4)
                0x0000000020000000                _ebss = .

/DISCARD/
 *(.eh_frame)
                0x0000000020000000                . = ALIGN (0x4)
                0x0000000020000000                end = .
                0x0000000020005000                PROVIDE (_stack = (ORIGIN (ram) + LENGTH (ram)))
OUTPUT(bin/stm32/blinkingPA13.elf elf32-littlearm)
LOAD linker stubs

.debug_info     0x0000000000000000     0x1031
 .debug_info    0x0000000000000000      0x302 /tmp/cc6sIhbs.o
 .debug_info    0x0000000000000302      0x210 ./libopencm3/lib/libopencm3_stm32f1.a(gpio.o)
 .debug_info    0x0000000000000512      0x266 ./libopencm3/lib/libopencm3_stm32f1.a(gpio_common_all.o)
 .debug_info    0x0000000000000778      0x5dc ./libopencm3/lib/libopencm3_stm32f1.a(rcc_common_all.o)
 .debug_info    0x0000000000000d54      0x2dd ./libopencm3/lib/libopencm3_stm32f1.a(vector.o)

.debug_abbrev   0x0000000000000000      0x563
 .debug_abbrev  0x0000000000000000       0xee /tmp/cc6sIhbs.o
 .debug_abbrev  0x00000000000000ee       0xd0 ./libopencm3/lib/libopencm3_stm32f1.a(gpio.o)
 .debug_abbrev  0x00000000000001be      0x116 ./libopencm3/lib/libopencm3_stm32f1.a(gpio_common_all.o)
 .debug_abbrev  0x00000000000002d4      0x14a ./libopencm3/lib/libopencm3_stm32f1.a(rcc_common_all.o)
 .debug_abbrev  0x000000000000041e      0x145 ./libopencm3/lib/libopencm3_stm32f1.a(vector.o)

.debug_loc      0x0000000000000000      0x443
 .debug_loc     0x0000000000000000       0xa2 /tmp/cc6sIhbs.o
 .debug_loc     0x00000000000000a2      0x14c ./libopencm3/lib/libopencm3_stm32f1.a(gpio.o)
 .debug_loc     0x00000000000001ee       0xbe ./libopencm3/lib/libopencm3_stm32f1.a(gpio_common_all.o)
 .debug_loc     0x00000000000002ac       0x6f ./libopencm3/lib/libopencm3_stm32f1.a(rcc_common_all.o)
 .debug_loc     0x000000000000031b      0x128 ./libopencm3/lib/libopencm3_stm32f1.a(vector.o)

.debug_aranges  0x0000000000000000      0x130
 .debug_aranges
                0x0000000000000000       0x20 /tmp/cc6sIhbs.o
 .debug_aranges
                0x0000000000000020       0x38 ./libopencm3/lib/libopencm3_stm32f1.a(gpio.o)
 .debug_aranges
                0x0000000000000058       0x50 ./libopencm3/lib/libopencm3_stm32f1.a(gpio_common_all.o)
 .debug_aranges
                0x00000000000000a8       0x58 ./libopencm3/lib/libopencm3_stm32f1.a(rcc_common_all.o)
 .debug_aranges
                0x0000000000000100       0x30 ./libopencm3/lib/libopencm3_stm32f1.a(vector.o)

.debug_ranges   0x0000000000000000       0xf8
 .debug_ranges  0x0000000000000000       0x28 /tmp/cc6sIhbs.o
 .debug_ranges  0x0000000000000028       0x28 ./libopencm3/lib/libopencm3_stm32f1.a(gpio.o)
 .debug_ranges  0x0000000000000050       0x40 ./libopencm3/lib/libopencm3_stm32f1.a(gpio_common_all.o)
 .debug_ranges  0x0000000000000090       0x48 ./libopencm3/lib/libopencm3_stm32f1.a(rcc_common_all.o)
 .debug_ranges  0x00000000000000d8       0x20 ./libopencm3/lib/libopencm3_stm32f1.a(vector.o)

.debug_macro    0x0000000000000000     0x3cc7
 .debug_macro   0x0000000000000000       0xd0 /tmp/cc6sIhbs.o
 .debug_macro   0x00000000000000d0      0xa84 /tmp/cc6sIhbs.o
 .debug_macro   0x0000000000000b54       0x1c /tmp/cc6sIhbs.o
 .debug_macro   0x0000000000000b70       0x22 /tmp/cc6sIhbs.o
 .debug_macro   0x0000000000000b92       0x56 /tmp/cc6sIhbs.o
 .debug_macro   0x0000000000000be8       0x51 /tmp/cc6sIhbs.o
 .debug_macro   0x0000000000000c39      0x103 /tmp/cc6sIhbs.o
 .debug_macro   0x0000000000000d3c       0x6a /tmp/cc6sIhbs.o
 .debug_macro   0x0000000000000da6      0x1df /tmp/cc6sIhbs.o
 .debug_macro   0x0000000000000f85       0x22 /tmp/cc6sIhbs.o
 .debug_macro   0x0000000000000fa7       0xe8 /tmp/cc6sIhbs.o
 .debug_macro   0x000000000000108f       0x76 /tmp/cc6sIhbs.o
 .debug_macro   0x0000000000001105      0x1b4 /tmp/cc6sIhbs.o
 .debug_macro   0x00000000000012b9      0x82c /tmp/cc6sIhbs.o
 .debug_macro   0x0000000000001ae5       0x76 /tmp/cc6sIhbs.o
 .debug_macro   0x0000000000001b5b      0xe04 /tmp/cc6sIhbs.o
 .debug_macro   0x000000000000295f       0xb8 ./libopencm3/lib/libopencm3_stm32f1.a(gpio.o)
 .debug_macro   0x0000000000002a17      0xa60 ./libopencm3/lib/libopencm3_stm32f1.a(gpio.o)
 .debug_macro   0x0000000000003477       0x56 ./libopencm3/lib/libopencm3_stm32f1.a(gpio.o)
 .debug_macro   0x00000000000034cd       0xb8 ./libopencm3/lib/libopencm3_stm32f1.a(gpio_common_all.o)
 .debug_macro   0x0000000000003585       0xce ./libopencm3/lib/libopencm3_stm32f1.a(rcc_common_all.o)
 .debug_macro   0x0000000000003653       0xcf ./libopencm3/lib/libopencm3_stm32f1.a(vector.o)
 .debug_macro   0x0000000000003722      0x395 ./libopencm3/lib/libopencm3_stm32f1.a(vector.o)
 .debug_macro   0x0000000000003ab7       0x6e ./libopencm3/lib/libopencm3_stm32f1.a(vector.o)
 .debug_macro   0x0000000000003b25      0x1a2 ./libopencm3/lib/libopencm3_stm32f1.a(vector.o)

.debug_line     0x0000000000000000     0x10f6
 .debug_line    0x0000000000000000      0x2ff /tmp/cc6sIhbs.o
 .debug_line    0x00000000000002ff      0x34b ./libopencm3/lib/libopencm3_stm32f1.a(gpio.o)
 .debug_line    0x000000000000064a      0x355 ./libopencm3/lib/libopencm3_stm32f1.a(gpio_common_all.o)
 .debug_line    0x000000000000099f      0x377 ./libopencm3/lib/libopencm3_stm32f1.a(rcc_common_all.o)
 .debug_line    0x0000000000000d16      0x3e0 ./libopencm3/lib/libopencm3_stm32f1.a(vector.o)

.debug_str      0x0000000000000000     0xd3db
 .debug_str     0x0000000000000000     0xa991 /tmp/cc6sIhbs.o
                                       0xaafb (size before relaxing)
 .debug_str     0x000000000000a991      0x1b6 ./libopencm3/lib/libopencm3_stm32f1.a(gpio.o)
                                       0x84bb (size before relaxing)
 .debug_str     0x000000000000ab47       0x6c ./libopencm3/lib/libopencm3_stm32f1.a(gpio_common_all.o)
                                       0x84af (size before relaxing)
 .debug_str     0x000000000000abb3      0x39d ./libopencm3/lib/libopencm3_stm32f1.a(rcc_common_all.o)
                                       0x768c (size before relaxing)
 .debug_str     0x000000000000af50     0x248b ./libopencm3/lib/libopencm3_stm32f1.a(vector.o)
                                       0x6584 (size before relaxing)

.comment        0x0000000000000000       0x4d
 .comment       0x0000000000000000       0x4d /tmp/cc6sIhbs.o
                                         0x4e (size before relaxing)
 .comment       0x000000000000004d       0x4e ./libopencm3/lib/libopencm3_stm32f1.a(gpio.o)
 .comment       0x000000000000004d       0x4e ./libopencm3/lib/libopencm3_stm32f1.a(gpio_common_all.o)
 .comment       0x000000000000004d       0x4e ./libopencm3/lib/libopencm3_stm32f1.a(rcc_common_all.o)
 .comment       0x000000000000004d       0x4e ./libopencm3/lib/libopencm3_stm32f1.a(vector.o)

.ARM.attributes
                0x0000000000000000       0x2d
 .ARM.attributes
                0x0000000000000000       0x2d /tmp/cc6sIhbs.o
 .ARM.attributes
                0x000000000000002d       0x2d ./libopencm3/lib/libopencm3_stm32f1.a(gpio.o)
 .ARM.attributes
                0x000000000000005a       0x2d ./libopencm3/lib/libopencm3_stm32f1.a(gpio_common_all.o)
 .ARM.attributes
                0x0000000000000087       0x2d ./libopencm3/lib/libopencm3_stm32f1.a(rcc_common_all.o)
 .ARM.attributes
                0x00000000000000b4       0x2d ./libopencm3/lib/libopencm3_stm32f1.a(vector.o)

.debug_frame    0x0000000000000000      0x224
 .debug_frame   0x0000000000000000       0x28 /tmp/cc6sIhbs.o
 .debug_frame   0x0000000000000028       0x60 ./libopencm3/lib/libopencm3_stm32f1.a(gpio.o)
 .debug_frame   0x0000000000000088       0x80 ./libopencm3/lib/libopencm3_stm32f1.a(gpio_common_all.o)
 .debug_frame   0x0000000000000108       0xd0 ./libopencm3/lib/libopencm3_stm32f1.a(rcc_common_all.o)
 .debug_frame   0x00000000000001d8       0x4c ./libopencm3/lib/libopencm3_stm32f1.a(vector.o)
